Archive member included to satisfy reference by file (symbol)

c:/program files (x86)/atmel/studio/7.0/toolchain/avr8/avr8-gnu-toolchain/bin/../lib/gcc/avr/5.4.0/../../../../avr/lib/avr51\libm.a(addsf3.o)
                              MPPT_PCB_MCU__IV_Trans.o (__subsf3)
c:/program files (x86)/atmel/studio/7.0/toolchain/avr8/avr8-gnu-toolchain/bin/../lib/gcc/avr/5.4.0/../../../../avr/lib/avr51\libm.a(addsf3x.o)
                              c:/program files (x86)/atmel/studio/7.0/toolchain/avr8/avr8-gnu-toolchain/bin/../lib/gcc/avr/5.4.0/../../../../avr/lib/avr51\libm.a(addsf3.o) (__addsf3x)
c:/program files (x86)/atmel/studio/7.0/toolchain/avr8/avr8-gnu-toolchain/bin/../lib/gcc/avr/5.4.0/../../../../avr/lib/avr51\libm.a(cmpsf2.o)
                              MPPT_PCB_MCU__LOAD_CTR.o (__nesf2)
c:/program files (x86)/atmel/studio/7.0/toolchain/avr8/avr8-gnu-toolchain/bin/../lib/gcc/avr/5.4.0/../../../../avr/lib/avr51\libm.a(divsf3.o)
                              MPPT_PCB_MCU__IV_Trans.o (__divsf3)
c:/program files (x86)/atmel/studio/7.0/toolchain/avr8/avr8-gnu-toolchain/bin/../lib/gcc/avr/5.4.0/../../../../avr/lib/avr51\libm.a(divsf3x.o)
                              c:/program files (x86)/atmel/studio/7.0/toolchain/avr8/avr8-gnu-toolchain/bin/../lib/gcc/avr/5.4.0/../../../../avr/lib/avr51\libm.a(divsf3.o) (__divsf3x)
c:/program files (x86)/atmel/studio/7.0/toolchain/avr8/avr8-gnu-toolchain/bin/../lib/gcc/avr/5.4.0/../../../../avr/lib/avr51\libm.a(fixsfsi.o)
                              MPPT_PCB_MCU__com.o (__fixsfsi)
c:/program files (x86)/atmel/studio/7.0/toolchain/avr8/avr8-gnu-toolchain/bin/../lib/gcc/avr/5.4.0/../../../../avr/lib/avr51\libm.a(fixunssfsi.o)
                              MPPT_PCB_MCU__IV_Trans.o (__fixunssfsi)
c:/program files (x86)/atmel/studio/7.0/toolchain/avr8/avr8-gnu-toolchain/bin/../lib/gcc/avr/5.4.0/../../../../avr/lib/avr51\libm.a(floatsisf.o)
                              MPPT_PCB_MCU__IV_Trans.o (__floatunsisf)
c:/program files (x86)/atmel/studio/7.0/toolchain/avr8/avr8-gnu-toolchain/bin/../lib/gcc/avr/5.4.0/../../../../avr/lib/avr51\libm.a(fp_cmp.o)
                              c:/program files (x86)/atmel/studio/7.0/toolchain/avr8/avr8-gnu-toolchain/bin/../lib/gcc/avr/5.4.0/../../../../avr/lib/avr51\libm.a(cmpsf2.o) (__fp_cmp)
c:/program files (x86)/atmel/studio/7.0/toolchain/avr8/avr8-gnu-toolchain/bin/../lib/gcc/avr/5.4.0/../../../../avr/lib/avr51\libm.a(fp_inf.o)
                              c:/program files (x86)/atmel/studio/7.0/toolchain/avr8/avr8-gnu-toolchain/bin/../lib/gcc/avr/5.4.0/../../../../avr/lib/avr51\libm.a(addsf3x.o) (__fp_inf)
c:/program files (x86)/atmel/studio/7.0/toolchain/avr8/avr8-gnu-toolchain/bin/../lib/gcc/avr/5.4.0/../../../../avr/lib/avr51\libm.a(fp_nan.o)
                              c:/program files (x86)/atmel/studio/7.0/toolchain/avr8/avr8-gnu-toolchain/bin/../lib/gcc/avr/5.4.0/../../../../avr/lib/avr51\libm.a(addsf3x.o) (__fp_nan)
c:/program files (x86)/atmel/studio/7.0/toolchain/avr8/avr8-gnu-toolchain/bin/../lib/gcc/avr/5.4.0/../../../../avr/lib/avr51\libm.a(fp_pscA.o)
                              c:/program files (x86)/atmel/studio/7.0/toolchain/avr8/avr8-gnu-toolchain/bin/../lib/gcc/avr/5.4.0/../../../../avr/lib/avr51\libm.a(addsf3x.o) (__fp_pscA)
c:/program files (x86)/atmel/studio/7.0/toolchain/avr8/avr8-gnu-toolchain/bin/../lib/gcc/avr/5.4.0/../../../../avr/lib/avr51\libm.a(fp_pscB.o)
                              c:/program files (x86)/atmel/studio/7.0/toolchain/avr8/avr8-gnu-toolchain/bin/../lib/gcc/avr/5.4.0/../../../../avr/lib/avr51\libm.a(addsf3x.o) (__fp_pscB)
c:/program files (x86)/atmel/studio/7.0/toolchain/avr8/avr8-gnu-toolchain/bin/../lib/gcc/avr/5.4.0/../../../../avr/lib/avr51\libm.a(fp_round.o)
                              c:/program files (x86)/atmel/studio/7.0/toolchain/avr8/avr8-gnu-toolchain/bin/../lib/gcc/avr/5.4.0/../../../../avr/lib/avr51\libm.a(addsf3.o) (__fp_round)
c:/program files (x86)/atmel/studio/7.0/toolchain/avr8/avr8-gnu-toolchain/bin/../lib/gcc/avr/5.4.0/../../../../avr/lib/avr51\libm.a(fp_split3.o)
                              c:/program files (x86)/atmel/studio/7.0/toolchain/avr8/avr8-gnu-toolchain/bin/../lib/gcc/avr/5.4.0/../../../../avr/lib/avr51\libm.a(addsf3x.o) (__fp_split3)
c:/program files (x86)/atmel/studio/7.0/toolchain/avr8/avr8-gnu-toolchain/bin/../lib/gcc/avr/5.4.0/../../../../avr/lib/avr51\libm.a(fp_zero.o)
                              c:/program files (x86)/atmel/studio/7.0/toolchain/avr8/avr8-gnu-toolchain/bin/../lib/gcc/avr/5.4.0/../../../../avr/lib/avr51\libm.a(addsf3x.o) (__fp_zero)
c:/program files (x86)/atmel/studio/7.0/toolchain/avr8/avr8-gnu-toolchain/bin/../lib/gcc/avr/5.4.0/../../../../avr/lib/avr51\libm.a(gesf2.o)
                              MPPT_PCB_MCU__IO.o (__gesf2)
c:/program files (x86)/atmel/studio/7.0/toolchain/avr8/avr8-gnu-toolchain/bin/../lib/gcc/avr/5.4.0/../../../../avr/lib/avr51\libm.a(log.o)
                              MPPT_PCB_MCU__IV_Trans.o (log)
[...]
Memory Configuration

Name             Origin             Length             Attributes
text             0x00000000         0x00020000         xr
data             0x00800100         0x00004000         rw !x
eeprom           0x00810000         0x00001000         rw !x
fuse             0x00820000         0x00000003         rw !x
lock             0x00830000         0x00000400         rw !x
signature        0x00840000         0x00000400         rw !x
user_signatures  0x00850000         0x00000400         rw !x
*default*        0x00000000         0xffffffff

Linker script and memory map

Address of section .data set to 0x800100
LOAD C:/Program Files (x86)/Atmel/Studio/7.0/Packs/atmel/ATmega_DFP/1.7.374/gcc/dev/atmega1284/avr51/crtatmega1284.o
LOAD MPPT_PCB_MCU__IV_Trans.o
LOAD MPPT_PCB_MCU__PI_CTR.o
LOAD MPPT_PCB_MCU__com.o
LOAD MPPT_PCB_MCU__EROM.o
LOAD MPPT_PCB_MCU__IO.o
LOAD MPPT_PCB_MCU__Main.o
LOAD MPPT_PCB_MCU__LOAD_CTR.o
LOAD MPPT_PCB_MCU__Range.o
START GROUP
LOAD c:/program files (x86)/atmel/studio/7.0/toolchain/avr8/avr8-gnu-toolchain/bin/../lib/gcc/avr/5.4.0/../../../../avr/lib/avr51\libm.a
END GROUP
START GROUP
LOAD c:/program files (x86)/atmel/studio/7.0/toolchain/avr8/avr8-gnu-toolchain/bin/../lib/gcc/avr/5.4.0/avr51\libgcc.a
LOAD c:/program files (x86)/atmel/studio/7.0/toolchain/avr8/avr8-gnu-toolchain/bin/../lib/gcc/avr/5.4.0/../../../../avr/lib/avr51\libm.a
LOAD c:/program files (x86)/atmel/studio/7.0/toolchain/avr8/avr8-gnu-toolchain/bin/../lib/gcc/avr/5.4.0/../../../../avr/lib/avr51\libc.a
LOAD C:/Program Files (x86)/Atmel/Studio/7.0/Packs/atmel/ATmega_DFP/1.7.374/gcc/dev/atmega1284/avr51\libatmega1284.a
END GROUP
                [0x00000000]                __TEXT_REGION_ORIGIN__ = DEFINED (__TEXT_REGION_ORIGIN__)?__TEXT_REGION_ORIGIN__:0x0
                [0x00800100]                __DATA_REGION_ORIGIN__ = DEFINED (__DATA_REGION_ORIGIN__)?__DATA_REGION_ORIGIN__:0x800100
                [0x00020000]                __TEXT_REGION_LENGTH__ = DEFINED (__TEXT_REGION_LENGTH__)?__TEXT_REGION_LENGTH__:0x20000
                [0x00004000]                __DATA_REGION_LENGTH__ = DEFINED (__DATA_REGION_LENGTH__)?__DATA_REGION_LENGTH__:0xff00
                [0x00001000]                __EEPROM_REGION_LENGTH__ = DEFINED (__EEPROM_REGION_LENGTH__)?__EEPROM_REGION_LENGTH__:0x10000
                [0x00000003]                __FUSE_REGION_LENGTH__ = DEFINED (__FUSE_REGION_LENGTH__)?__FUSE_REGION_LENGTH__:0x400
                0x00000400                __LOCK_REGION_LENGTH__ = DEFINED (__LOCK_REGION_LENGTH__)?__LOCK_REGION_LENGTH__:0x400
                0x00000400                __SIGNATURE_REGION_LENGTH__ = DEFINED (__SIGNATURE_REGION_LENGTH__)?__SIGNATURE_REGION_LENGTH__:0x400
                0x00000400                __USER_SIGNATURE_REGION_LENGTH__ = DEFINED (__USER_SIGNATURE_REGION_LENGTH__)?__USER_SIGNATURE_REGION_LENGTH__:0x400

.hash
 *(.hash)

.dynsym
 *(.dynsym)

.dynstr
 *(.dynstr)

.gnu.version
 *(.gnu.version)

.gnu.version_d
 *(.gnu.version_d)

.gnu.version_r
 *(.gnu.version_r)

.rel.init
 *(.rel.init)

.rela.init
 *(.rela.init)

.rel.text
 *(.rel.text)
 *(.rel.text.*)
 *(.rel.gnu.linkonce.t*)

.rela.text
 *(.rela.text)
 *(.rela.text.*)
 *(.rela.gnu.linkonce.t*)

.rel.fini
 *(.rel.fini)

.rela.fini
 *(.rela.fini)

.rel.rodata
 *(.rel.rodata)
 *(.rel.rodata.*)
 *(.rel.gnu.linkonce.r*)

.rela.rodata
 *(.rela.rodata)
 *(.rela.rodata.*)
 *(.rela.gnu.linkonce.r*)

.rel.data
 *(.rel.data)
 *(.rel.data.*)
 *(.rel.gnu.linkonce.d*)

.rela.data
 *(.rela.data)
 *(.rela.data.*)
 *(.rela.gnu.linkonce.d*)

.rel.ctors
 *(.rel.ctors)

.rela.ctors
 *(.rela.ctors)

.rel.dtors
 *(.rel.dtors)

.rela.dtors
 *(.rela.dtors)

.rel.got
 *(.rel.got)

.rela.got
 *(.rela.got)

.rel.bss
 *(.rel.bss)

.rela.bss
 *(.rela.bss)

.rel.plt
 *(.rel.plt)

.rela.plt
 *(.rela.plt)

.text           0x00000000     0x8f7e
 *(.vectors)
 .vectors       0x00000000       0x8c C:/Program Files (x86)/Atmel/Studio/7.0/Packs/atmel/ATmega_DFP/1.7.374/gcc/dev/atmega1284/avr51/crtatmega1284.o
                0x00000000                __vector_default
                0x00000000                __vectors
 *(.vectors)
 *(.progmem.gcc*)
 .progmem.gcc_fplib
                0x0000008c       0x5a c:/program files (x86)/atmel/studio/7.0/toolchain/avr8/avr8-gnu-toolchain/bin/../lib/gcc/avr/5.4.0/../../../../avr/lib/avr51\libm.a(log.o)
 .progmem.gcc_fplib
                0x000000e6       0x1e c:/program files (x86)/atmel/studio/7.0/toolchain/avr8/avr8-gnu-toolchain/bin/../lib/gcc/avr/5.4.0/../../../../avr/lib/avr51\libm.a(fp_sinus.o)
                0x00000104                . = ALIGN (0x2)
                0x00000104                __trampolines_start = .
 *(.trampolines)
 .trampolines   0x00000104        0x0 linker stubs
 *(.trampolines*)
                0x00000104                __trampolines_end = .
 *libprintf_flt.a:*(.progmem.data)
 *libc.a:*(.progmem.data)
 .progmem.data  0x00000104       0x10 c:/program files (x86)/atmel/studio/7.0/toolchain/avr8/avr8-gnu-toolchain/bin/../lib/gcc/avr/5.4.0/../../../../avr/lib/avr51\libc.a(dtostre.o)
 .progmem.data  0x00000114       0xfa c:/program files (x86)/atmel/studio/7.0/toolchain/avr8/avr8-gnu-toolchain/bin/../lib/gcc/avr/5.4.0/../../../../avr/lib/avr51\libc.a(ftoa_engine.o)
 .progmem.data  0x0000020e       0x3b c:/program files (x86)/atmel/studio/7.0/toolchain/avr8/avr8-gnu-toolchain/bin/../lib/gcc/avr/5.4.0/../../../../avr/lib/avr51\libc.a(strtod.o)
 *(.progmem*)
                0x0000024a                . = ALIGN (0x2)
 *fill*         0x00000249        0x1 
 *(.jumptables)
 *(.jumptables*)
 *(.lowtext)
 *(.lowtext*)
                0x0000024a                __ctors_start = .
 *(.ctors)
                0x0000024a                __ctors_end = .
                0x0000024a                __dtors_start = .
 *(.dtors)
                0x0000024a                __dtors_end = .
 SORT(*)(.ctors)
 SORT(*)(.dtors)
 *(.init0)
 .init0         0x0000024a        0x0 C:/Program Files (x86)/Atmel/Studio/7.0/Packs/atmel/ATmega_DFP/1.7.374/gcc/dev/atmega1284/avr51/crtatmega1284.o
                0x0000024a                __init
 *(.init0)
 *(.init1)
 *(.init1)
 *(.init2)
 .init2         0x0000024a        0xc C:/Program Files (x86)/Atmel/Studio/7.0/Packs/atmel/ATmega_DFP/1.7.374/gcc/dev/atmega1284/avr51/crtatmega1284.o
 *(.init2)
 *(.init3)
 *(.init3)
 *(.init4)
 .init4         0x00000256       0x1a c:/program files (x86)/atmel/studio/7.0/toolchain/avr8/avr8-gnu-toolchain/bin/../lib/gcc/avr/5.4.0/avr51\libgcc.a(_copy_data.o)
                0x00000256                __do_copy_data
 .init4         0x00000270       0x10 c:/program files (x86)/atmel/studio/7.0/toolchain/avr8/avr8-gnu-toolchain/bin/../lib/gcc/avr/5.4.0/avr51\libgcc.a(_clear_bss.o)
                0x00000270                __do_clear_bss
 *(.init4)
 *(.init5)
 *(.init5)
 *(.init6)
 *(.init6)
 *(.init7)
 *(.init7)
 *(.init8)
 *(.init8)
 *(.init9)
 .init9         0x00000280        0x8 C:/Program Files (x86)/Atmel/Studio/7.0/Packs/atmel/ATmega_DFP/1.7.374/gcc/dev/atmega1284/avr51/crtatmega1284.o
 *(.init9)
 *(.text)
 .text          0x00000288        0x2 C:/Program Files (x86)/Atmel/Studio/7.0/Packs/atmel/ATmega_DFP/1.7.374/gcc/dev/atmega1284/avr51/crtatmega1284.o
                0x00000288                __vector_28
                0x00000288                __vector_1
                0x00000288                __vector_32
                0x00000288                __vector_34
                0x00000288                __vector_24
                0x00000288                __vector_12
                0x00000288                __bad_interrupt
                0x00000288                __vector_6
                0x00000288                __vector_31
                0x00000288                __vector_3
                0x00000288                __vector_23
                0x00000288                __vector_30
                0x00000288                __vector_25
                0x00000288                __vector_11
                0x00000288                __vector_17
                0x00000288                __vector_19
                0x00000288                __vector_7
                0x00000288                __vector_27
                0x00000288                __vector_5
                0x00000288                __vector_33
                0x00000288                __vector_4
                0x00000288                __vector_9
                0x00000288                __vector_2
                0x00000288                __vector_21
                0x00000288                __vector_15
                0x00000288                __vector_29
                0x00000288                __vector_8
                0x00000288                __vector_26
                0x00000288                __vector_14
                0x00000288                __vector_10
                0x00000288                __vector_16
                0x00000288                __vector_18
                0x0000028a                . = ALIGN (0x2)
 *(.text.*)
 .text.IV_MEAS__Get_Voc_Set_Optimum_Range
                0x0000028a       0xd6 MPPT_PCB_MCU__IV_Trans.o
                0x0000028a                IV_MEAS__Get_Voc_Set_Optimum_Range
 .text.IV_MEAS__Get_Curr_Optimum_Range
                0x00000360       0xd0 MPPT_PCB_MCU__IV_Trans.o
                0x00000360                IV_MEAS__Get_Curr_Optimum_Range
 .text.PV_TRANS_MEAS
                0x00000430      0x3ca MPPT_PCB_MCU__IV_Trans.o
                0x00000430                PV_TRANS_MEAS
 .text.IV_MEAS__Meas_Curr_Volt_Point
                0x000007fa      0x272 MPPT_PCB_MCU__IV_Trans.o
                0x000007fa                IV_MEAS__Meas_Curr_Volt_Point
 .text.get_DAC_Volt_at_Pmax_from_IV
                0x00000a6c       0xb8 MPPT_PCB_MCU__IV_Trans.o
                0x00000a6c                get_DAC_Volt_at_Pmax_from_IV
 .text.meas_NTC1_Temp_control_fan_over_Temp
                0x00000b24      0x18c MPPT_PCB_MCU__IV_Trans.o
                0x00000b24                meas_NTC1_Temp_control_fan_over_Temp
 .text.meas_NTC2_Temp_control_fan_over_Temp
                0x00000cb0      0x18c MPPT_PCB_MCU__IV_Trans.o
                0x00000cb0                meas_NTC2_Temp_control_fan_over_Temp
 .text.meas_Bias_Volt_Range_Check
                0x00000e3c       0xec MPPT_PCB_MCU__IV_Trans.o
                0x00000e3c                meas_Bias_Volt_Range_Check
 .text.PV_IV_MEAS
                0x00000f28      0x60c MPPT_PCB_MCU__IV_Trans.o
                0x00000f28                PV_IV_MEAS
 .text.PI_CTR__Set_New_Prop_ID
                0x00001534       0x5c MPPT_PCB_MCU__PI_CTR.o
                0x00001534                PI_CTR__Set_New_Prop_ID
 .text.PI_CTR__Set_New_Int_ID
                0x00001590       0x5c MPPT_PCB_MCU__PI_CTR.o
                0x00001590                PI_CTR__Set_New_Int_ID
 .text.PI_CRT__Process_Controller_Settings
                0x000015ec       0x26 MPPT_PCB_MCU__PI_CTR.o
                0x000015ec                PI_CRT__Process_Controller_Settings
 .text.UART_WriteString
                0x00001612       0x78 MPPT_PCB_MCU__com.o
                0x00001612                UART_WriteString
 .text.COM_Compare_to_OutStr
                0x0000168a       0x2c MPPT_PCB_MCU__com.o
                0x0000168a                COM_Compare_to_OutStr
 .text.COM_Compare_to_OutStr_Offset
                0x000016b6       0x2c MPPT_PCB_MCU__com.o
                0x000016b6                COM_Compare_to_OutStr_Offset
 .text.COM_Copy_To_OutSTR_From_Start
                0x000016e2       0x42 MPPT_PCB_MCU__com.o
                0x000016e2                COM_Copy_To_OutSTR_From_Start
 .text.COM_Add_To_OutSTR_with_Sep
                0x00001724       0x4c MPPT_PCB_MCU__com.o
                0x00001724                COM_Add_To_OutSTR_with_Sep
 .text.COM_Add_To_OutSTR_At_Position
                0x00001770       0x32 MPPT_PCB_MCU__com.o
                0x00001770                COM_Add_To_OutSTR_At_Position
 .text.COM_Add_QuestMark_To_OutSTR_No_Sep
                0x000017a2       0x26 MPPT_PCB_MCU__com.o
                0x000017a2                COM_Add_QuestMark_To_OutSTR_No_Sep
 .text.Compare_String
                0x000017c8       0x22 MPPT_PCB_MCU__com.o
                0x000017c8                Compare_String
 .text.Copy_String
                0x000017ea       0x22 MPPT_PCB_MCU__com.o
                0x000017ea                Copy_String
 .text.AddEnd_String
                0x0000180c       0x44 MPPT_PCB_MCU__com.o
                0x0000180c                AddEnd_String
 .text.FloatToString
                0x00001850       0x16 MPPT_PCB_MCU__com.o
                0x00001850                FloatToString
 .text.UART_Transfer_IV
                0x00001866       0xde MPPT_PCB_MCU__com.o
                0x00001866                UART_Transfer_IV
 .text.UART_Execute_Command
                0x00001944     0x139a MPPT_PCB_MCU__com.o
                0x00001944                UART_Execute_Command
 .text.UART_Process_Input
                0x00002cde       0xe0 MPPT_PCB_MCU__com.o
                0x00002cde                UART_Process_Input
 .text.StringToFloat
                0x00002dbe        0x4 MPPT_PCB_MCU__com.o
                0x00002dbe                StringToFloat
 .text.EEPROM_Range_Cal_Set_Scale
                0x00002dc2      0x190 MPPT_PCB_MCU__EROM.o
                0x00002dc2                EEPROM_Range_Cal_Set_Scale
 .text.EEPROM_Range_Cal_Set_Offset
                0x00002f52      0x190 MPPT_PCB_MCU__EROM.o
                0x00002f52                EEPROM_Range_Cal_Set_Offset
 .text.COM_EROM_ACCESS_FLOAT
                0x000030e2       0x7a MPPT_PCB_MCU__EROM.o
                0x000030e2                COM_EROM_ACCESS_FLOAT
 .text.COM_EROM_ACCESS_UINT8
                0x0000315c       0x5c MPPT_PCB_MCU__EROM.o
                0x0000315c                COM_EROM_ACCESS_UINT8
 .text.COM_EROM_ACCESS_UINT16
                0x000031b8       0x94 MPPT_PCB_MCU__EROM.o
                0x000031b8                COM_EROM_ACCESS_UINT16
 .text.EEPROM_READ_FLOAT
                0x0000324c       0x30 MPPT_PCB_MCU__EROM.o
                0x0000324c                EEPROM_READ_FLOAT
 .text.EEPROM_LOAD_VOLTAGE_RANGE
                0x0000327c      0x216 MPPT_PCB_MCU__EROM.o
                0x0000327c                EEPROM_LOAD_VOLTAGE_RANGE
 .text.EEPROM_LOAD_CURRENT_RANGE
                0x00003492      0x1ce MPPT_PCB_MCU__EROM.o
                0x00003492                EEPROM_LOAD_CURRENT_RANGE
 .text.EEPROM_Range_Cal_Get_Scale
                0x00003660       0xbc MPPT_PCB_MCU__EROM.o
                0x00003660                EEPROM_Range_Cal_Get_Scale
 .text.EEPROM_Range_Cal_Get_Offset
                0x0000371c       0xbc MPPT_PCB_MCU__EROM.o
                0x0000371c                EEPROM_Range_Cal_Get_Offset
 .text.EEPROM_READ_UINT16
                0x000037d8       0x26 MPPT_PCB_MCU__EROM.o
                0x000037d8                EEPROM_READ_UINT16
 .text.EEROM_LOAD_TIMER_1_CM
                0x000037fe       0x14 MPPT_PCB_MCU__EROM.o
                0x000037fe                EEROM_LOAD_TIMER_1_CM
 .text.EEPROM_READ_INT32
                0x00003812       0x30 MPPT_PCB_MCU__EROM.o
                0x00003812                EEPROM_READ_INT32
 .text.EEPROM_READ_STRING
                0x00003842       0x60 MPPT_PCB_MCU__EROM.o
                0x00003842                EEPROM_READ_STRING
 .text.EEPROM_LOAD_VAL_CONFIG
                0x000038a2      0xb92 MPPT_PCB_MCU__EROM.o
                0x000038a2                EEPROM_LOAD_VAL_CONFIG
 .text.EEPROM_ACCESS_UART
                0x00004434      0xd00 MPPT_PCB_MCU__EROM.o
                0x00004434                EEPROM_ACCESS_UART
 .text.ADC_Convert_MAX11163
                0x00005134       0x28 MPPT_PCB_MCU__IO.o
                0x00005134                ADC_Convert_MAX11163
 .text.ADC_Convert_Avr_MAX11163
                0x0000515c       0x5e MPPT_PCB_MCU__IO.o
                0x0000515c                ADC_Convert_Avr_MAX11163
 .text.ADC_Convert_Avr_OLUL_MAX11163
                0x000051ba       0x84 MPPT_PCB_MCU__IO.o
                0x000051ba                ADC_Convert_Avr_OLUL_MAX11163
 .text.Meas_Analog_Inputs
                0x0000523e      0x59c MPPT_PCB_MCU__IO.o
                0x0000523e                Meas_Analog_Inputs
 .text.Meas_AI_Volt_Only
                0x000057da       0xfe MPPT_PCB_MCU__IO.o
                0x000057da                Meas_AI_Volt_Only
 .text.Meas_AI_Curr_Only
                0x000058d8       0xfe MPPT_PCB_MCU__IO.o
                0x000058d8                Meas_AI_Curr_Only
 .text.Set_DAC_Output_RAW
                0x000059d6       0x2e MPPT_PCB_MCU__IO.o
                0x000059d6                Set_DAC_Output_RAW
 .text.Set_DAC_Output_Volts
                0x00005a04       0xe4 MPPT_PCB_MCU__IO.o
                0x00005a04                Set_DAC_Output_Volts
 .text.TEMP_MAX31865_Setup
                0x00005ae8       0x32 MPPT_PCB_MCU__IO.o
                0x00005ae8                TEMP_MAX31865_Setup
 .text.TEMP_MAX31865_Measure
                0x00005b1a       0x52 MPPT_PCB_MCU__IO.o
                0x00005b1a                TEMP_MAX31865_Measure
 .text.TEMP_MCP9600_Setup
                0x00005b6c      0x146 MPPT_PCB_MCU__IO.o
                0x00005b6c                TEMP_MCP9600_Setup
 .text.TEMP_MCP9600_Measure
                0x00005cb2      0x138 MPPT_PCB_MCU__IO.o
                0x00005cb2                TEMP_MCP9600_Measure
 .text.DIOExp_Write_Outputs
                0x00005dea       0x94 MPPT_PCB_MCU__IO.o
                0x00005dea                DIOExp_Write_Outputs
 .text.DIOExp_config_init
                0x00005e7e       0x2a MPPT_PCB_MCU__IO.o
                0x00005e7e                DIOExp_config_init
 .text.Set_DDR_and_Default_State
                0x00005ea8       0x66 MPPT_PCB_MCU__Main.o
                0x00005ea8                Set_DDR_and_Default_State
 .text.RS485_get_com_address_external_pins
                0x00005f0e       0x4e MPPT_PCB_MCU__Main.o
                0x00005f0e                RS485_get_com_address_external_pins
 .text.startup.main
                0x00005f5c      0x2d2 MPPT_PCB_MCU__Main.o
                0x00005f5c                main
 .text.__vector_20
                0x0000622e       0xc8 MPPT_PCB_MCU__Main.o
                0x0000622e                __vector_20
 .text.__vector_22
                0x000062f6       0x70 MPPT_PCB_MCU__Main.o
                0x000062f6                __vector_22
 .text.__vector_13
                0x00006366       0xa4 MPPT_PCB_MCU__Main.o
                0x00006366                __vector_13
 .text.Process_Operating_Temperature_State
                0x0000640a      0x17a MPPT_PCB_MCU__LOAD_CTR.o
                0x0000640a                Process_Operating_Temperature_State
 .text.Process_Bias_Voltage_State
                0x00006584       0x98 MPPT_PCB_MCU__LOAD_CTR.o
                0x00006584                Process_Bias_Voltage_State
 .text.Process_Fan_Control
                0x0000661c      0x1aa MPPT_PCB_MCU__LOAD_CTR.o
                0x0000661c                Process_Fan_Control
 .text.Reset_Fan_Control
                0x000067c6       0x28 MPPT_PCB_MCU__LOAD_CTR.o
                0x000067c6                Reset_Fan_Control
 .text.Check_if_Active_Errors_Output_Disabled
                0x000067ee       0x20 MPPT_PCB_MCU__LOAD_CTR.o
                0x000067ee                Check_if_Active_Errors_Output_Disabled
 .text.Process_Error_LED_State
                0x0000680e       0x26 MPPT_PCB_MCU__LOAD_CTR.o
                0x0000680e                Process_Error_LED_State
 .text.Check_Temp_Disconnect_State
                0x00006834       0xb2 MPPT_PCB_MCU__LOAD_CTR.o
                0x00006834                Check_Temp_Disconnect_State
 .text.PV_Mode__Constant_Current_Init
                0x000068e6       0x5c MPPT_PCB_MCU__LOAD_CTR.o
                0x000068e6                PV_Mode__Constant_Current_Init
 .text.PV_Mode__Constant_Current_Main
                0x00006942      0x33e MPPT_PCB_MCU__LOAD_CTR.o
                0x00006942                PV_Mode__Constant_Current_Main
 .text.PV_Mode__MPPT_Simple_Init
                0x00006c80       0xa4 MPPT_PCB_MCU__LOAD_CTR.o
                0x00006c80                PV_Mode__MPPT_Simple_Init
 .text.PV_Mode__MPPT_Simple_Main
                0x00006d24      0x520 MPPT_PCB_MCU__LOAD_CTR.o
                0x00006d24                PV_Mode__MPPT_Simple_Main
 .text.LOAD_CTR_MAIN
                0x00007244      0x28e MPPT_PCB_MCU__LOAD_CTR.o
                0x00007244                LOAD_CTR_MAIN
 .text.Get_Best_Voltage_Range_From_Value
                0x000074d2       0xde MPPT_PCB_MCU__Range.o
                0x000074d2                Get_Best_Voltage_Range_From_Value
 .text.Get_Best_Current_Range_From_Value
                0x000075b0       0xde MPPT_PCB_MCU__Range.o
                0x000075b0                Get_Best_Current_Range_From_Value
 .text.Reset_Over_Current_Clamp
                0x0000768e       0x4a MPPT_PCB_MCU__Range.o
                0x0000768e                Reset_Over_Current_Clamp
 .text.Preare_Auto_Range_Selection
                0x000076d8      0x424 MPPT_PCB_MCU__Range.o
                0x000076d8                Preare_Auto_Range_Selection
 .text.SET_VOLTAGE_RANGE
                0x00007afc      0x1fc MPPT_PCB_MCU__Range.o
                0x00007afc                SET_VOLTAGE_RANGE
 .text.SET_CURRENT_RANGE
                0x00007cf8      0x1e8 MPPT_PCB_MCU__Range.o
                0x00007cf8                SET_CURRENT_RANGE
 .text.Check_Voltage_Range_Enabled_Correct
                0x00007ee0       0x32 MPPT_PCB_MCU__Range.o
                0x00007ee0                Check_Voltage_Range_Enabled_Correct
 .text.Process_Voltage_Auto_Range
                0x00007f12       0x5a MPPT_PCB_MCU__Range.o
                0x00007f12                Process_Voltage_Auto_Range
 .text.Check_Current_Range_Enabled_Correct
                0x00007f6c       0x32 MPPT_PCB_MCU__Range.o
                0x00007f6c                Check_Current_Range_Enabled_Correct
 .text.Process_Current_Auto_Range
                0x00007f9e       0x9c MPPT_PCB_MCU__Range.o
                0x00007f9e                Process_Current_Auto_Range
 .text.Check_Input_Range_Selection
                0x0000803a      0x136 MPPT_PCB_MCU__Range.o
                0x0000803a                Check_Input_Range_Selection
 .text.avr-libc.fplib
                0x00008170        0xa c:/program files (x86)/atmel/studio/7.0/toolchain/avr8/avr8-gnu-toolchain/bin/../lib/gcc/avr/5.4.0/../../../../avr/lib/avr51\libm.a(addsf3.o)
                0x00008170                __subsf3
                0x00008172                __addsf3
 .text.avr-libc.fplib
                0x0000817a       0xc0 c:/program files (x86)/atmel/studio/7.0/toolchain/avr8/avr8-gnu-toolchain/bin/../lib/gcc/avr/5.4.0/../../../../avr/lib/avr51\libm.a(addsf3x.o)
                0x00008194                __addsf3x
 .text.avr-libc.fplib
                0x0000823a        0x8 c:/program files (x86)/atmel/studio/7.0/toolchain/avr8/avr8-gnu-toolchain/bin/../lib/gcc/avr/5.4.0/../../../../avr/lib/avr51\libm.a(cmpsf2.o)
                0x0000823a                __nesf2
                0x0000823a                __eqsf2
                0x0000823a                __cmpsf2
                0x0000823a                __ltsf2
                0x0000823a                __lesf2
 .text.avr-libc.fplib
                0x00008242        0x4 c:/program files (x86)/atmel/studio/7.0/toolchain/avr8/avr8-gnu-toolchain/bin/../lib/gcc/avr/5.4.0/../../../../avr/lib/avr51\libm.a(divsf3.o)
                0x00008242                __divsf3
 .text.avr-libc.fplib
                0x00008246       0xcc c:/program files (x86)/atmel/studio/7.0/toolchain/avr8/avr8-gnu-toolchain/bin/../lib/gcc/avr/5.4.0/../../../../avr/lib/avr51\libm.a(divsf3x.o)
                0x0000825c                __divsf3x
                0x00008260                __divsf3_pse
 .text.avr-libc.fplib
                0x00008312        0xa c:/program files (x86)/atmel/studio/7.0/toolchain/avr8/avr8-gnu-toolchain/bin/../lib/gcc/avr/5.4.0/../../../../avr/lib/avr51\libm.a(fixsfsi.o)
                0x00008312                __fixsfsi
 .text.avr-libc.fplib
                0x0000831c       0x58 c:/program files (x86)/atmel/studio/7.0/toolchain/avr8/avr8-gnu-toolchain/bin/../lib/gcc/avr/5.4.0/../../../../avr/lib/avr51\libm.a(fixunssfsi.o)
                0x0000831c                __fixunssfsi
 .text.avr-libc.fplib
                0x00008374       0x7a c:/program files (x86)/atmel/studio/7.0/toolchain/avr8/avr8-gnu-toolchain/bin/../lib/gcc/avr/5.4.0/../../../../avr/lib/avr51\libm.a(floatsisf.o)
                0x00008374                __floatunsisf
                0x00008378                __floatsisf
 .text.avr-libc.fplib
                0x000083ee       0x48 c:/program files (x86)/atmel/studio/7.0/toolchain/avr8/avr8-gnu-toolchain/bin/../lib/gcc/avr/5.4.0/../../../../avr/lib/avr51\libm.a(fp_cmp.o)
                0x000083ee                __fp_cmp
 .text.avr-libc.fplib
                0x00008436        0xc c:/program files (x86)/atmel/studio/7.0/toolchain/avr8/avr8-gnu-toolchain/bin/../lib/gcc/avr/5.4.0/../../../../avr/lib/avr51\libm.a(fp_inf.o)
                0x00008436                __fp_inf
 .text.avr-libc.fplib
                0x00008442        0x6 c:/program files (x86)/atmel/studio/7.0/toolchain/avr8/avr8-gnu-toolchain/bin/../lib/gcc/avr/5.4.0/../../../../avr/lib/avr51\libm.a(fp_nan.o)
                0x00008442                __fp_nan
 .text.avr-libc.fplib
                0x00008448        0xe c:/program files (x86)/atmel/studio/7.0/toolchain/avr8/avr8-gnu-toolchain/bin/../lib/gcc/avr/5.4.0/../../../../avr/lib/avr51\libm.a(fp_pscA.o)
                0x00008448                __fp_pscA
 .text.avr-libc.fplib
                0x00008456        0xe c:/program files (x86)/atmel/studio/7.0/toolchain/avr8/avr8-gnu-toolchain/bin/../lib/gcc/avr/5.4.0/../../../../avr/lib/avr51\libm.a(fp_pscB.o)
                0x00008456                __fp_pscB
 .text.avr-libc.fplib
                0x00008464       0x22 c:/program files (x86)/atmel/studio/7.0/toolchain/avr8/avr8-gnu-toolchain/bin/../lib/gcc/avr/5.4.0/../../../../avr/lib/avr51\libm.a(fp_round.o)
                0x00008464                __fp_round
 .text.avr-libc.fplib
                0x00008486       0x44 c:/program files (x86)/atmel/studio/7.0/toolchain/avr8/avr8-gnu-toolchain/bin/../lib/gcc/avr/5.4.0/../../../../avr/lib/avr51\libm.a(fp_split3.o)
                0x00008486                __fp_split3
                0x00008496                __fp_splitA
 .text.avr-libc.fplib
                0x000084ca        0xe c:/program files (x86)/atmel/studio/7.0/toolchain/avr8/avr8-gnu-toolchain/bin/../lib/gcc/avr/5.4.0/../../../../avr/lib/avr51\libm.a(fp_zero.o)
                0x000084ca                __fp_zero
                0x000084cc                __fp_szero
 .text.avr-libc.fplib
                0x000084d8        0x8 c:/program files (x86)/atmel/studio/7.0/toolchain/avr8/avr8-gnu-toolchain/bin/../lib/gcc/avr/5.4.0/../../../../avr/lib/avr51\libm.a(gesf2.o)
                0x000084d8                __gesf2
                0x000084d8                __gtsf2
 .text.avr-libc.fplib
                0x000084e0       0x8a c:/program files (x86)/atmel/studio/7.0/toolchain/avr8/avr8-gnu-toolchain/bin/../lib/gcc/avr/5.4.0/../../../../avr/lib/avr51\libm.a(log.o)
                0x000084ea                log
 .text.avr-libc.fplib
                0x0000856a        0x4 c:/program files (x86)/atmel/studio/7.0/toolchain/avr8/avr8-gnu-toolchain/bin/../lib/gcc/avr/5.4.0/../../../../avr/lib/avr51\libm.a(mulsf3.o)
                0x0000856a                __mulsf3
 .text.avr-libc.fplib
                0x0000856e       0xc2 c:/program files (x86)/atmel/studio/7.0/toolchain/avr8/avr8-gnu-toolchain/bin/../lib/gcc/avr/5.4.0/../../../../avr/lib/avr51\libm.a(mulsf3x.o)
                0x00008582                __mulsf3x
                0x00008586                __mulsf3_pse
 .text.avr-libc.fplib
                0x00008630       0x40 c:/program files (x86)/atmel/studio/7.0/toolchain/avr8/avr8-gnu-toolchain/bin/../lib/gcc/avr/5.4.0/../../../../avr/lib/avr51\libm.a(round.o)
                0x00008630                round
 .text.avr-libc.fplib
                0x00008670        0xc c:/program files (x86)/atmel/studio/7.0/toolchain/avr8/avr8-gnu-toolchain/bin/../lib/gcc/avr/5.4.0/../../../../avr/lib/avr51\libm.a(sin.o)
                0x00008670                sin
 .text.avr-libc.fplib
                0x0000867c       0x36 c:/program files (x86)/atmel/studio/7.0/toolchain/avr8/avr8-gnu-toolchain/bin/../lib/gcc/avr/5.4.0/../../../../avr/lib/avr51\libm.a(fp_mintl.o)
                0x0000867c                __fp_mintl
 .text.avr-libc.fplib
                0x000086b2       0x1c c:/program files (x86)/atmel/studio/7.0/toolchain/avr8/avr8-gnu-toolchain/bin/../lib/gcc/avr/5.4.0/../../../../avr/lib/avr51\libm.a(fp_mpack.o)
                0x000086b2                __fp_mpack
                0x000086b6                __fp_mpack_finite
 .text.avr-libc.fplib
                0x000086ce       0x4a c:/program files (x86)/atmel/studio/7.0/toolchain/avr8/avr8-gnu-toolchain/bin/../lib/gcc/avr/5.4.0/../../../../avr/lib/avr51\libm.a(fp_powser.o)
                0x000086ce                __fp_powser
 .text.avr-libc.fplib
                0x00008718       0x50 c:/program files (x86)/atmel/studio/7.0/toolchain/avr8/avr8-gnu-toolchain/bin/../lib/gcc/avr/5.4.0/../../../../avr/lib/avr51\libm.a(fp_rempio2.o)
                0x0000871a                __fp_rempio2
 .text.avr-libc.fplib
                0x00008768       0x22 c:/program files (x86)/atmel/studio/7.0/toolchain/avr8/avr8-gnu-toolchain/bin/../lib/gcc/avr/5.4.0/../../../../avr/lib/avr51\libm.a(fp_sinus.o)
                0x00008768                __fp_sinus
 .text.avr-libc.fplib
                0x0000878a       0x22 c:/program files (x86)/atmel/studio/7.0/toolchain/avr8/avr8-gnu-toolchain/bin/../lib/gcc/avr/5.4.0/../../../../avr/lib/avr51\libm.a(fp_powsodd.o)
                0x0000878a                __fp_powsodd
 .text.avr-libc
                0x000087ac      0x10a c:/program files (x86)/atmel/studio/7.0/toolchain/avr8/avr8-gnu-toolchain/bin/../lib/gcc/avr/5.4.0/../../../../avr/lib/avr51\libc.a(dtostre.o)
                0x000087ac                dtostre
 .text.avr-libc
                0x000088b6        0x6 c:/program files (x86)/atmel/studio/7.0/toolchain/avr8/avr8-gnu-toolchain/bin/../lib/gcc/avr/5.4.0/../../../../avr/lib/avr51\libc.a(atof.o)
                0x000088b6                atof
 .text.avr-libc
                0x000088bc       0x3a c:/program files (x86)/atmel/studio/7.0/toolchain/avr8/avr8-gnu-toolchain/bin/../lib/gcc/avr/5.4.0/../../../../avr/lib/avr51\libc.a(atoi.o)
                0x000088bc                atoi
 .text.avr-libc
                0x000088f6       0x4c c:/program files (x86)/atmel/studio/7.0/toolchain/avr8/avr8-gnu-toolchain/bin/../lib/gcc/avr/5.4.0/../../../../avr/lib/avr51\libc.a(atol.o)
                0x000088f6                atol
 .text.avr-libc
                0x00008942      0x1b0 c:/program files (x86)/atmel/studio/7.0/toolchain/avr8/avr8-gnu-toolchain/bin/../lib/gcc/avr/5.4.0/../../../../avr/lib/avr51\libc.a(ftoa_engine.o)
                0x00008942                __ftoa_engine
 .text.avr-libc
                0x00008af2        0xe c:/program files (x86)/atmel/studio/7.0/toolchain/avr8/avr8-gnu-toolchain/bin/../lib/gcc/avr/5.4.0/../../../../avr/lib/avr51\libc.a(strcpy_P.o)
                0x00008af2                strcpy_P
 .text.avr-libc
                0x00008b00       0x14 c:/program files (x86)/atmel/studio/7.0/toolchain/avr8/avr8-gnu-toolchain/bin/../lib/gcc/avr/5.4.0/../../../../avr/lib/avr51\libc.a(itoa_ncheck.o)
                0x00008b00                __itoa_ncheck
 .text.avr-libc
                0x00008b14       0x1c c:/program files (x86)/atmel/studio/7.0/toolchain/avr8/avr8-gnu-toolchain/bin/../lib/gcc/avr/5.4.0/../../../../avr/lib/avr51\libc.a(ltoa_ncheck.o)
                0x00008b14                __ltoa_ncheck
 .text.avr-libc
                0x00008b30       0x2a c:/program files (x86)/atmel/studio/7.0/toolchain/avr8/avr8-gnu-toolchain/bin/../lib/gcc/avr/5.4.0/../../../../avr/lib/avr51\libc.a(mulsi10.o)
                0x00008b30                __mulsi_const_10
 .text.avr-libc
                0x00008b5a       0x10 c:/program files (x86)/atmel/studio/7.0/toolchain/avr8/avr8-gnu-toolchain/bin/../lib/gcc/avr/5.4.0/../../../../avr/lib/avr51\libc.a(mul10.o)
                0x00008b5a                __mulhi_const_10
 .text.avr-libc
                0x00008b6a       0x42 c:/program files (x86)/atmel/studio/7.0/toolchain/avr8/avr8-gnu-toolchain/bin/../lib/gcc/avr/5.4.0/../../../../avr/lib/avr51\libc.a(ultoa_ncheck.o)
                0x00008b6a                __ultoa_ncheck
                0x00008b6c                __ultoa_common
 .text.avr-libc
                0x00008bac       0x32 c:/program files (x86)/atmel/studio/7.0/toolchain/avr8/avr8-gnu-toolchain/bin/../lib/gcc/avr/5.4.0/../../../../avr/lib/avr51\libc.a(utoa_ncheck.o)
                0x00008bac                __utoa_ncheck
                0x00008bae                __utoa_common
 .text.avr-libc
                0x00008bde      0x2a6 c:/program files (x86)/atmel/studio/7.0/toolchain/avr8/avr8-gnu-toolchain/bin/../lib/gcc/avr/5.4.0/../../../../avr/lib/avr51\libc.a(strtod.o)
                0x00008bde                strtod
 .text.avr-libc
                0x00008e84       0x10 c:/program files (x86)/atmel/studio/7.0/toolchain/avr8/avr8-gnu-toolchain/bin/../lib/gcc/avr/5.4.0/../../../../avr/lib/avr51\libc.a(isspace.o)
                0x00008e84                isspace
 .text.avr-libc
                0x00008e94       0x30 c:/program files (x86)/atmel/studio/7.0/toolchain/avr8/avr8-gnu-toolchain/bin/../lib/gcc/avr/5.4.0/../../../../avr/lib/avr51\libc.a(strncasecmp_P.o)
                0x00008e94                strncasecmp_P
 .text.avr-libc
                0x00008ec4       0x20 c:/program files (x86)/atmel/studio/7.0/toolchain/avr8/avr8-gnu-toolchain/bin/../lib/gcc/avr/5.4.0/../../../../avr/lib/avr51\libc.a(strrev.o)
                0x00008ec4                strrev
 .text.avr-libc
                0x00008ee4        0x6 c:/program files (x86)/atmel/studio/7.0/toolchain/avr8/avr8-gnu-toolchain/bin/../lib/gcc/avr/5.4.0/../../../../avr/lib/avr51\libc.a(cty_isfalse.o)
                0x00008ee4                __ctype_isfalse
                0x00008ee8                __ctype_istrue
 .text.avr-libc
                0x00008eea       0x20 C:/Program Files (x86)/Atmel/Studio/7.0/Packs/atmel/ATmega_DFP/1.7.374/gcc/dev/atmega1284/avr51\libatmega1284.a(eerd_block.o)
                0x00008eea                eeprom_read_block
                0x00008eee                eeprom_read_blraw
 .text.avr-libc
                0x00008f0a       0x10 C:/Program Files (x86)/Atmel/Studio/7.0/Packs/atmel/ATmega_DFP/1.7.374/gcc/dev/atmega1284/avr51\libatmega1284.a(eerd_byte.o)
                0x00008f0a                eeprom_read_byte
 .text.avr-libc
                0x00008f1a       0x12 C:/Program Files (x86)/Atmel/Studio/7.0/Packs/atmel/ATmega_DFP/1.7.374/gcc/dev/atmega1284/avr51\libatmega1284.a(eewr_block.o)
                0x00008f1a                eeprom_write_block
 .text.avr-libc
                0x00008f2c       0x1c C:/Program Files (x86)/Atmel/Studio/7.0/Packs/atmel/ATmega_DFP/1.7.374/gcc/dev/atmega1284/avr51\libatmega1284.a(eewr_byte.o)
                0x00008f2c                eeprom_write_byte
                0x00008f2e                eeprom_write_r18
 .text.libgcc.mul
                0x00008f48       0x14 c:/program files (x86)/atmel/studio/7.0/toolchain/avr8/avr8-gnu-toolchain/bin/../lib/gcc/avr/5.4.0/avr51\libgcc.a(_muluhisi3.o)
                0x00008f48                __muluhisi3
 .text.libgcc.mul
                0x00008f5c       0x1e c:/program files (x86)/atmel/studio/7.0/toolchain/avr8/avr8-gnu-toolchain/bin/../lib/gcc/avr/5.4.0/avr51\libgcc.a(_umulhisi3.o)
                0x00008f5c                __umulhisi3
                0x00008f7a                . = ALIGN (0x2)
 *(.fini9)
 .fini9         0x00008f7a        0x0 c:/program files (x86)/atmel/studio/7.0/toolchain/avr8/avr8-gnu-toolchain/bin/../lib/gcc/avr/5.4.0/avr51\libgcc.a(_exit.o)
                0x00008f7a                _exit
                0x00008f7a                exit
 *(.fini9)
 *(.fini8)
 *(.fini8)
 *(.fini7)
 *(.fini7)
 *(.fini6)
 *(.fini6)
 *(.fini5)
 *(.fini5)
 *(.fini4)
 *(.fini4)
 *(.fini3)
 *(.fini3)
 *(.fini2)
 *(.fini2)
 *(.fini1)
 *(.fini1)
 *(.fini0)
 .fini0         0x00008f7a        0x4 c:/program files (x86)/atmel/studio/7.0/toolchain/avr8/avr8-gnu-toolchain/bin/../lib/gcc/avr/5.4.0/avr51\libgcc.a(_exit.o)
 *(.fini0)
                0x00008f7e                _etext = .

.data           0x00800100      0x19c load address 0x00008f7e
                0x00800100                PROVIDE (__data_start, .)
 *(.data)
 *(.data*)
 *(.gnu.linkonce.d*)
 *(.rodata)
 *(.rodata*)
 .rodata.str1.1
                0x00800100      0x172 MPPT_PCB_MCU__com.o
                                0x18c (size before relaxing)
 .rodata.str1.1
                0x00800272       0x2a MPPT_PCB_MCU__EROM.o
                                 0x2c (size before relaxing)
 *(.gnu.linkonce.r*)
                0x0080029c                . = ALIGN (0x2)
                0x0080029c                _edata = .
                0x0080029c                PROVIDE (__data_end, .)

.bss            0x0080029c     0x12bb
                0x0080029c                PROVIDE (__bss_start, .)
 *(.bss)
 *(.bss*)
 *(COMMON)
 COMMON         0x0080029c      0xbef MPPT_PCB_MCU__IV_Trans.o
                0x0080029c                BiasV_Range_Max
                0x008002a0                IV_Cos_Max_Phase
                0x008002a4                IV_Point_Meas_Nu_AVR_VoltCurr
                0x008002a5                IV_Report
                0x008002a6                Trs_Delay_Res_us
                0x008002aa                IV_Point_Set_Delay_ms
                0x008002ac                BiasV_Range_Min
                0x008002b0                IV_Range_Volt_Last
                0x008002b1                IV_Setup_Signal_Set_Time
                0x008002b3                IV_Point_Meas_Nu_AVR_Sets
                0x008002b4                Trs_Delay_us
                0x008002b8                IV_Mode
                0x008002b9                Trs_Meas_Time_us
                0x008002bd                PV_DAC_Points
                0x008006a9                IV_Meas_Points
                0x008006aa                PV_Volt_Trs
                0x008006ae                PV_IV_Current
                0x00800a9a                IV_Range_Curr_Last
                0x00800a9b                IV_Voc_Overshoot_Fact
                0x00800a9f                PV_IV_Voltage
 COMMON         0x00800e8b        0x4 MPPT_PCB_MCU__PI_CTR.o
                0x00800e8b                PI_CTR_Prop_ID_Act
                0x00800e8c                PI_CTR_Prop_ID_Man
                0x00800e8d                PI_CTR_Int_ID_Man
                0x00800e8e                PI_CTR_Int_ID_Act
 COMMON         0x00800e8f      0x1ef MPPT_PCB_MCU__com.o
                0x00800e8f                Trans_IV_Point
                0x00800e90                UART_Reply_L
                0x00800e91                Com_ID
                0x00800e92                OutSTR
                0x00800f0c                UART_In_Buff
                0x00800f86                UART_Comand_L
                0x00800f87                UART_Reply_P
                0x00800f88                UART_Reply
                0x00801002                UART_Comand
                0x0080107c                OutSTR_L
                0x0080107d                UART_In_Buff_L
 COMMON         0x0080107e      0x395 MPPT_PCB_MCU__IO.o
                0x0080107e                ADC_Num_Avr_VoltCurr
                0x00801080                CAL_NTC_1_InvR25
                0x00801084                AI_Over_Load
                0x00801085                CAL_DAC_A1
                0x00801089                AI_Volt
                0x0080108d                AI_Offset
                0x00801091                CAL_NTC_2_RSer
                0x00801095                ADC_Avr_Mult_VoltCurr
                0x00801099                AI_NTC_Temp_1
                0x0080109d                ADC_Cycl_Avr_Buff_Volt
                0x00801231                CAL_RTD_A1
                0x00801235                CAL_Bias_A1
                0x00801239                DIOE_PORT_A_STATE
                0x0080123a                ADC_Num_Avr_Other
                0x0080123b                AI_Curr_Corr
                0x0080123f                ADC_Cycl_Avr_Counter
                0x00801240                AI_Curr
                0x00801244                CAL_NTC_2_InvBeta
                0x00801248                AI_RTD_Temp
                0x0080124c                ADC_Avr_Mult_Other
                0x00801250                CAL_NTC_2_InvR25
                0x00801254                CAL_RTD_A0
                0x00801258                ADC_Cycl_Avr_Buff_Curr
                0x008013ec                DIOE_PORT_B_STATE
                0x008013ed                CAL_Bias_A0
                0x008013f1                CAL_RTD_A2
                0x008013f5                AI_Under_Load
                0x008013f6                CAL_NTC_1_InvBeta
                0x008013fa                CAL_DAC_A0
                0x008013fe                CAL_NTC_1_RSer
                0x00801402                ADC_Cycl_Avr_VoltCurr
                0x00801403                AI_Bias
                0x00801407                AI_NTC_Temp_2
                0x0080140b                CAL_NTC_1_InvGain
                0x0080140f                CAL_NTC_2_InvGain
 COMMON         0x00801413        0xf MPPT_PCB_MCU__Main.o
                0x00801413                Temp_Sensor_Type
                0x00801414                SysStatus_A
                0x00801415                Timer_Temp_Meas_Counter
                0x00801417                UartStatus
                0x00801418                SysStatus_B
                0x00801419                SysControl
                0x0080141a                PV_Status
                0x0080141b                SysConfig
                0x0080141c                Timer_Temp_Meas_Match
                0x0080141d                TimerMeas_Count
                0x0080141e                Timer_Control_Match
                0x0080141f                Timer_CTR
                0x00801420                EEMEM_Written
                0x00801421                Timer_Control_Counter
 COMMON         0x00801422       0xa3 MPPT_PCB_MCU__LOAD_CTR.o
                0x00801422                LOAD_CurrT_Min_Step_CND
                0x00801426                Temp_NTC2_MAX_DisCon
                0x0080142a                Sample_Name
                0x0080143f                FAN_NTC1_T_On
                0x00801443                PV_Volt_Setpoint
                0x00801447                BiasV_Error_Delay_Counter
                0x00801448                FAN_Switch_Counter
                0x0080144a                Track_Power_Old
                0x0080144e                Temp_NTC1_MAX_DisCon
                0x00801452                LOAD_CurrT_Step_Increase_Fact
                0x00801456                Track_Status
                0x00801457                Temp_NTC1_MIN_ReCon
                0x0080145b                LOAD_CurrT_Tolerance_CND
                0x0080145f                FAN_NTC2_T_On
                0x00801463                Temp_NTC1_MAX_ReCon
                0x00801467                FAN_Power_Off
                0x0080146b                LOAD_MPPT_Step_Increase_Fact
                0x0080146f                FAN_NTC1_T_Off
                0x00801473                LOAD_CurrT_Max_Step_CND
                0x00801477                FAN_Power_On
                0x0080147b                LOAD_MPPT_Max_Step_CND
                0x0080147f                PV_Mode_ACT
                0x00801480                Temp_NTC2_MIN_DisCon
                0x00801484                PV_Volt_DAC_ACT
                0x00801488                F_CPU_CAL
                0x0080148c                Temp_NTC2_MAX_ReCon
                0x00801490                Temp_NTC1_MIN_DisCon
                0x00801494                FAN_Switch_Timer_Max
                0x00801496                PV_Mode_CTR
                0x00801497                LOAD_MPPT_Update_Counter
                0x00801499                LOAD_MPPT_Step_Reduction_Fact
                0x0080149d                BiasV_Error_Timout_Counter
                0x0080149e                PV_Curr_Setpoint
                0x008014a2                LOAD_CurrT_Step_Reduction_Fact
                0x008014a6                LOAD_MPPT_Tolerance_CND
                0x008014aa                PV_Volt_DAQ_New
                0x008014ae                LOAD_MPPT_Min_Step_CND
                0x008014b2                LOAD_MPPT_Timer_Update_Delay
                0x008014b4                Track_Volt_Step_Size
                0x008014b8                FAN_CTR_State
                0x008014b9                FAN_NTC2_T_Off
                0x008014bd                Temp_NTC2_MIN_ReCon
                0x008014c1                PV_Active_Load_Power
 COMMON         0x008014c5       0x90 MPPT_PCB_MCU__Range.o
                0x008014c5                AI_Curr_Range_Val
                0x008014c9                AI_Curr_Scale
                0x008014cd                AI_Curr_Offset
                0x008014d1                Range_Status_B
                0x008014d2                Range_Volt_ID_Act
                0x008014d3                Range_Curr_Val_Act
                0x008014d7                Range_Curr_Switch_Freq_Counter
                0x008014d9                Range_Status_A
                0x008014da                Range_Curr_Switch_Freq_Ctr_Max
                0x008014dc                Threshold_Curr_Over_Range
                0x008014f4                Range_Curr_Enable
                0x008014f5                AI_Volt_R_Leak
                0x008014f9                Range_Volt_Val_Act
                0x008014fd                Range_Volt_ID_Man
                0x008014fe                Range_Volt_Switch_Delay_Ctr_Max
                0x008014ff                Range_Curr_ID_Man
                0x00801500                AI_Volt_Scale
                0x00801504                Threshold_Curr_Under_Range
                0x0080151c                Range_Volt_Switch_Freq_Counter
                0x0080151e                Range_Curr_Switch_Delay_Ctr_Max
                0x0080151f                Threshold_Volt_Over_Range
                0x00801533                Range_Volt_Enable
                0x00801534                Threshold_Volt_Under_Range
                0x00801548                Range_Volt_Switch_Delay_Counter
                0x00801549                Range_Curr_ID_Act
                0x0080154a                Range_Curr_Switch_Delay_Counter
                0x0080154b                Range_Volt_Switch_Freq_Ctr_Max
                0x0080154d                AI_Volt_Range_Val
                0x00801551                AI_Volt_Offset
 COMMON         0x00801555        0x2 c:/program files (x86)/atmel/studio/7.0/toolchain/avr8/avr8-gnu-toolchain/bin/../lib/gcc/avr/5.4.0/../../../../avr/lib/avr51\libc.a(errno.o)
                0x00801555                errno
                0x00801557                PROVIDE (__bss_end, .)
                0x00008f7e                __data_load_start = LOADADDR (.data)
                0x0000911a                __data_load_end = (__data_load_start + SIZEOF (.data))

.noinit         0x00801557        0x0
                [!provide]                PROVIDE (__noinit_start, .)
 *(.noinit*)
                [!provide]                PROVIDE (__noinit_end, .)
                0x00801557                _end = .
                [!provide]                PROVIDE (__heap_start, .)

.eeprom         0x00810000      0x18a
 *(.eeprom*)
 .eeprom        0x00810000        0xe MPPT_PCB_MCU__IV_Trans.o
                0x00810000                EROM_IV_Point_Meas_Nu_AVR_VoltCurr
                0x00810001                EROM_IV_Point_Meas_Nu_AVR_Sets
                0x00810002                EROM_IV_Point_Set_Delay_ms
                0x00810004                EROM_IV_Voc_Overshoot_Fact
                0x00810008                EROM_IV_Cos_Max_Phase
                0x0081000c                EROM_IV_Mode
                0x0081000d                EROM_IV_Meas_Points
 .eeprom        0x0081000e        0x2 MPPT_PCB_MCU__PI_CTR.o
                0x0081000e                EROM_PI_CTR_Int_ID
                0x0081000f                EROM_PI_CTR_Prop_ID
 .eeprom        0x00810010        0x1 MPPT_PCB_MCU__EROM.o
                0x00810010                Eeprom_VALID
 .eeprom        0x00810011       0x40 MPPT_PCB_MCU__IO.o
                0x00810011                EROM_CAL_DAC_A1
                0x00810015                EROM_CAL_DAC_A0
                0x00810019                EROM_CAL_NTC_2_InvBeta
                0x0081001d                EROM_CAL_NTC_2_InvR25
                0x00810021                EROM_CAL_NTC_2_RSer
                0x00810025                EROM_CAL_NTC_2_InvGain
                0x00810029                EROM_CAL_NTC_1_InvBeta
                0x0081002d                EROM_CAL_NTC_1_InvR25
                0x00810031                EROM_CAL_NTC_1_RSer
                0x00810035                EROM_CAL_NTC_1_InvGain
                0x00810039                EROM_CAL_RTD_A2
                0x0081003d                EROM_CAL_RTD_A1
                0x00810041                EROM_CAL_RTD_A0
                0x00810045                EROM_CAL_Bias_A1
                0x00810049                EROM_CAL_Bias_A0
                0x0081004d                EROM_ADC_Num_Avr_Other
                0x0081004e                EROM_ADC_Cycl_Avr_VoltCurr
                0x0081004f                EROM_ADC_Num_Avr_VoltCurr
 .eeprom        0x00810051        0x7 MPPT_PCB_MCU__Main.o
                0x00810051                EROM_Temp_Sensor_Type
                0x00810052                EROM_SysControl
                0x00810053                EROM_SysConfig
                0x00810054                EROM_Timer_Temp_Meas_Match
                0x00810055                EROM_Timer_Control_Match
                0x00810056                EROM_Loop_Timer_1_Comp_Match
 .eeprom        0x00810058       0x8f MPPT_PCB_MCU__LOAD_CTR.o
                0x00810058                EROM_FAN_Switch_Timer_Max
                0x0081005a                EROM_FAN_Power_OFF
                0x0081005e                EROM_FAN_Power_ON
                0x00810062                EROM_FAN_NTC2_T_OFF
                0x00810066                EROM_FAN_NTC2_T_ON
                0x0081006a                EROM_FAN_NTC1_T_OFF
                0x0081006e                EROM_FAN_NTC1_T_ON
                0x00810072                EROM_FAN_CTR_Mode
                0x00810073                EROM_PV_Curr_Setpoint
                0x00810077                EROM_PV_Volt_Setpoint
                0x0081007b                EROM_PV_Mode_CTR
                0x0081007c                EROM_LOAD_CurrT_Tolerance_CND
                0x00810080                EROM_LOAD_CurrT_Step_Reduction_Fact
                0x00810084                EROM_LOAD_CurrT_Step_Increase_Fact
                0x00810088                EROM_LOAD_CurrT_Min_Step_CND
                0x0081008c                EROM_LOAD_CurrT_Max_Step_CND
                0x00810090                EROM_LOAD_MPPT_Timer_Update_Delay
                0x00810092                EROM_LOAD_MPPT_Tolerance_CND
                0x00810096                EROM_LOAD_MPPT_Step_Reduction_Fact
                0x0081009a                EROM_LOAD_MPPT_Step_Increase_Fact
                0x0081009e                EROM_LOAD_MPPT_Min_Step_CND
                0x008100a2                EROM_LOAD_MPPT_Max_Step_CND
                0x008100a6                EROM_BiasV_Range_Max
                0x008100aa                EROM_BiasV_Range_Min
                0x008100ae                EROM_Temp_NTC2_MAX_ReCon
                0x008100b2                EROM_Temp_NTC2_MIN_ReCon
                0x008100b6                EROM_Temp_NTC2_MAX_DisCon
                0x008100ba                EROM_Temp_NTC2_MIN_DisCon
                0x008100be                EROM_Temp_NTC1_MAX_ReCon
                0x008100c2                EROM_Temp_NTC1_MIN_ReCon
                0x008100c6                EROM_Temp_NTC1_MAX_DisCon
                0x008100ca                EROM_Temp_NTC1_MIN_DisCon
                0x008100ce                EROM_Sample_Name
                0x008100e3                EROM_F_CPU_CAL
 .eeprom        0x008100e7       0xa3 MPPT_PCB_MCU__Range.o
                0x008100e7                EROM_C_R6_Val_Nom
                0x008100eb                EROM_C_R6_A1
                0x008100ef                EROM_C_R6_A0
                0x008100f3                EROM_C_R5_Val_Nom
                0x008100f7                EROM_C_R5_A1
                0x008100fb                EROM_C_R5_A0
                0x008100ff                EROM_C_R4_Val_Nom
                0x00810103                EROM_C_R4_A1
                0x00810107                EROM_C_R4_A0
                0x0081010b                EROM_C_R3_Val_Nom
                0x0081010f                EROM_C_R3_A1
                0x00810113                EROM_C_R3_A0
                0x00810117                EROM_C_R2_Val_Nom
                0x0081011b                EROM_C_R2_A1
                0x0081011f                EROM_C_R2_A0
                0x00810123                EROM_C_R1_Val_Nom
                0x00810127                EROM_C_R1_A1
                0x0081012b                EROM_C_R1_A0
                0x0081012f                EROM_V_R5_R_Leak
                0x00810133                EROM_V_R5_Val_Nom
                0x00810137                EROM_V_R5_A1
                0x0081013b                EROM_V_R5_A0
                0x0081013f                EROM_V_R4_R_Leak
                0x00810143                EROM_V_R4_Val_Nom
                0x00810147                EROM_V_R4_A1
                0x0081014b                EROM_V_R4_A0
                0x0081014f                EROM_V_R3_R_Leak
                0x00810153                EROM_V_R3_Val_Nom
                0x00810157                EROM_V_R3_A1
                0x0081015b                EROM_V_R3_A0
                0x0081015f                EROM_V_R2_R_Leak
                0x00810163                EROM_V_R2_Val_Nom
                0x00810167                EROM_V_R2_A1
                0x0081016b                EROM_V_R2_A0
                0x0081016f                EROM_V_R1_R_Leak
                0x00810173                EROM_V_R1_Val_Nom
                0x00810177                EROM_V_R1_A1
                0x0081017b                EROM_V_R1_A0
                0x0081017f                EROM_Range_Volt_Switch_Delay_Ctr_Max
                0x00810180                EROM_Range_Curr_Switch_Delay_Ctr_Max
                0x00810181                EROM_Range_Volt_Switch_Freq_Ctr_Max
                0x00810183                EROM_Range_Curr_Switch_Freq_Ctr_Max
                0x00810185                EROM_Range_Curr_Enable
                0x00810186                EROM_Range_Volt_Enable
                0x00810187                EROM_Range_Curr_ID_Man
                0x00810188                EROM_Range_Volt_ID_Man
                0x00810189                EROM_Range_Status_A
                0x0081018a                __eeprom_end = .

.fuse
 *(.fuse)
 *(.lfuse)
 *(.hfuse)
 *(.efuse)

.lock
 *(.lock*)

.signature
 *(.signature*)

.user_signatures
 *(.user_signatures*)

.stab
 *(.stab)

.stabstr
 *(.stabstr)

.stab.excl
 *(.stab.excl)

.stab.exclstr
 *(.stab.exclstr)

.stab.index
 *(.stab.index)

.stab.indexstr
 *(.stab.indexstr)

.comment        0x00000000       0x5c
 *(.comment)
 .comment       0x00000000       0x30 MPPT_PCB_MCU__IV_Trans.o
                                 0x31 (size before relaxing)
 .comment       0x00000030       0x31 MPPT_PCB_MCU__PI_CTR.o
 .comment       0x00000030       0x31 MPPT_PCB_MCU__com.o
 .comment       0x00000030       0x31 MPPT_PCB_MCU__EROM.o
 .comment       0x00000030       0x31 MPPT_PCB_MCU__IO.o
 .comment       0x00000030       0x31 MPPT_PCB_MCU__Main.o
 .comment       0x00000030       0x31 MPPT_PCB_MCU__LOAD_CTR.o
 .comment       0x00000030       0x31 MPPT_PCB_MCU__Range.o
 .comment       0x00000030       0x31 c:/program files (x86)/atmel/studio/7.0/toolchain/avr8/avr8-gnu-toolchain/bin/../lib/gcc/avr/5.4.0/../../../../avr/lib/avr51\libc.a(dtostre.o)
 .comment       0x00000030       0x31 c:/program files (x86)/atmel/studio/7.0/toolchain/avr8/avr8-gnu-toolchain/bin/../lib/gcc/avr/5.4.0/../../../../avr/lib/avr51\libc.a(strtod.o)
 .comment       0x00000030       0x2c c:/program files (x86)/atmel/studio/7.0/toolchain/avr8/avr8-gnu-toolchain/bin/../lib/gcc/avr/5.4.0/../../../../avr/lib/avr51\libc.a(errno.o)
                                 0x2d (size before relaxing)

.note.gnu.avr.deviceinfo
                0x00000000       0x40
 .note.gnu.avr.deviceinfo
                0x00000000       0x40 C:/Program Files (x86)/Atmel/Studio/7.0/Packs/atmel/ATmega_DFP/1.7.374/gcc/dev/atmega1284/avr51/crtatmega1284.o

.note.gnu.build-id
 *(.note.gnu.build-id)

.debug
 *(.debug)

.line
 *(.line)

.debug_srcinfo
 *(.debug_srcinfo)

.debug_sfnames
 *(.debug_sfnames)

.debug_aranges  0x00000000       0x80
 *(.debug_aranges)
 .debug_aranges
                0x00000000       0x20 C:/Program Files (x86)/Atmel/Studio/7.0/Packs/atmel/ATmega_DFP/1.7.374/gcc/dev/atmega1284/avr51\libatmega1284.a(eerd_block.o)
 .debug_aranges
                0x00000020       0x20 C:/Program Files (x86)/Atmel/Studio/7.0/Packs/atmel/ATmega_DFP/1.7.374/gcc/dev/atmega1284/avr51\libatmega1284.a(eerd_byte.o)
 .debug_aranges
                0x00000040       0x20 C:/Program Files (x86)/Atmel/Studio/7.0/Packs/atmel/ATmega_DFP/1.7.374/gcc/dev/atmega1284/avr51\libatmega1284.a(eewr_block.o)
 .debug_aranges
                0x00000060       0x20 C:/Program Files (x86)/Atmel/Studio/7.0/Packs/atmel/ATmega_DFP/1.7.374/gcc/dev/atmega1284/avr51\libatmega1284.a(eewr_byte.o)

.debug_pubnames
 *(.debug_pubnames)

.debug_info     0x00000000      0xa00
 *(.debug_info .gnu.linkonce.wi.*)
 .debug_info    0x00000000      0x792 C:/Program Files (x86)/Atmel/Studio/7.0/Packs/atmel/ATmega_DFP/1.7.374/gcc/dev/atmega1284/avr51/crtatmega1284.o
 .debug_info    0x00000792       0x9c C:/Program Files (x86)/Atmel/Studio/7.0/Packs/atmel/ATmega_DFP/1.7.374/gcc/dev/atmega1284/avr51\libatmega1284.a(eerd_block.o)
 .debug_info    0x0000082e       0x9b C:/Program Files (x86)/Atmel/Studio/7.0/Packs/atmel/ATmega_DFP/1.7.374/gcc/dev/atmega1284/avr51\libatmega1284.a(eerd_byte.o)
 .debug_info    0x000008c9       0x9c C:/Program Files (x86)/Atmel/Studio/7.0/Packs/atmel/ATmega_DFP/1.7.374/gcc/dev/atmega1284/avr51\libatmega1284.a(eewr_block.o)
 .debug_info    0x00000965       0x9b C:/Program Files (x86)/Atmel/Studio/7.0/Packs/atmel/ATmega_DFP/1.7.374/gcc/dev/atmega1284/avr51\libatmega1284.a(eewr_byte.o)

.debug_abbrev   0x00000000      0x779
 *(.debug_abbrev)
 .debug_abbrev  0x00000000      0x729 C:/Program Files (x86)/Atmel/Studio/7.0/Packs/atmel/ATmega_DFP/1.7.374/gcc/dev/atmega1284/avr51/crtatmega1284.o
 .debug_abbrev  0x00000729       0x14 C:/Program Files (x86)/Atmel/Studio/7.0/Packs/atmel/ATmega_DFP/1.7.374/gcc/dev/atmega1284/avr51\libatmega1284.a(eerd_block.o)
 .debug_abbrev  0x0000073d       0x14 C:/Program Files (x86)/Atmel/Studio/7.0/Packs/atmel/ATmega_DFP/1.7.374/gcc/dev/atmega1284/avr51\libatmega1284.a(eerd_byte.o)
 .debug_abbrev  0x00000751       0x14 C:/Program Files (x86)/Atmel/Studio/7.0/Packs/atmel/ATmega_DFP/1.7.374/gcc/dev/atmega1284/avr51\libatmega1284.a(eewr_block.o)
 .debug_abbrev  0x00000765       0x14 C:/Program Files (x86)/Atmel/Studio/7.0/Packs/atmel/ATmega_DFP/1.7.374/gcc/dev/atmega1284/avr51\libatmega1284.a(eewr_byte.o)

.debug_line     0x00000000      0x3ad
 *(.debug_line .debug_line.* .debug_line_end)
 .debug_line    0x00000000      0x16a C:/Program Files (x86)/Atmel/Studio/7.0/Packs/atmel/ATmega_DFP/1.7.374/gcc/dev/atmega1284/avr51/crtatmega1284.o
 .debug_line    0x0000016a       0xab C:/Program Files (x86)/Atmel/Studio/7.0/Packs/atmel/ATmega_DFP/1.7.374/gcc/dev/atmega1284/avr51\libatmega1284.a(eerd_block.o)
 .debug_line    0x00000215       0x7a C:/Program Files (x86)/Atmel/Studio/7.0/Packs/atmel/ATmega_DFP/1.7.374/gcc/dev/atmega1284/avr51\libatmega1284.a(eerd_byte.o)
 .debug_line    0x0000028f       0x80 C:/Program Files (x86)/Atmel/Studio/7.0/Packs/atmel/ATmega_DFP/1.7.374/gcc/dev/atmega1284/avr51\libatmega1284.a(eewr_block.o)
 .debug_line    0x0000030f       0x9e C:/Program Files (x86)/Atmel/Studio/7.0/Packs/atmel/ATmega_DFP/1.7.374/gcc/dev/atmega1284/avr51\libatmega1284.a(eewr_byte.o)

.debug_frame
 *(.debug_frame)

.debug_str      0x00000000      0x296
 *(.debug_str)
 .debug_str     0x00000000      0x296 C:/Program Files (x86)/Atmel/Studio/7.0/Packs/atmel/ATmega_DFP/1.7.374/gcc/dev/atmega1284/avr51/crtatmega1284.o

.debug_loc
 *(.debug_loc)

.debug_macinfo
 *(.debug_macinfo)

.debug_weaknames
 *(.debug_weaknames)

.debug_funcnames
 *(.debug_funcnames)

.debug_typenames
 *(.debug_typenames)

.debug_varnames
 *(.debug_varnames)

.debug_pubtypes
 *(.debug_pubtypes)

.debug_ranges
 *(.debug_ranges)

.debug_macro
 *(.debug_macro)
OUTPUT(MPPT_PCB_MCU.elf elf32-avr)
LOAD linker stubs
